<html>
<body>
<pre>
<h1>礦ision Build Log</h1>
<h2>Tool Versions:</h2>
IDE-Version: μVision V5.24.2.0
Copyright (C) 2017 ARM Ltd and ARM Germany GmbH. All rights reserved.
License Information: mark Microsoft, Microsoft, LIC=CZLQD-8NXCB-AD0KK-ZXJDT-CTL5P-H93Z4
 
Tool Versions:
Toolchain:       MDK-ARM Plus  Version: 5.24.1
Toolchain Path:  d:\Keil_v5\ARM\ARMCC\Bin
C Compiler:      Armcc.exe V5.06 update 5 (build 528)
Assembler:       Armasm.exe V5.06 update 5 (build 528)
Linker/Locator:  ArmLink.exe V5.06 update 5 (build 528)
Library Manager: ArmAr.exe V5.06 update 5 (build 528)
Hex Converter:   FromElf.exe V5.06 update 5 (build 528)
CPU DLL:         SARMCM3.DLL V5.24.1
Dialog DLL:      DARMCM1.DLL V1.18.0.0
Target DLL:      Nu_Link.dll V2.06
Dialog DLL:      TARMCM1.DLL V1.13.0.0
 
<h2>Project:</h2>
D:\work\person\消防栓\design\software\newweb\xiaofangshuan_psm_mima_rtc_02\20190107.uvprojx
Project File Date:  03/17/2019

<h2>Output:</h2>
*** Using Compiler 'V5.06 update 5 (build 528)', folder: 'd:\Keil_v5\ARM\ARMCC\Bin'
Rebuild target '20190107'
assembling startup_Nano1X2Series.s...
compiling system_Nano1X2Series.c...
compiling adc.c...
compiling clk.c...
compiling gpio.c...
compiling i2c.c...
compiling retarget.c...
compiling sys.c...
compiling timer.c...
compiling uart.c...
compiling rtc.c...
compiling main.c...
user\main.c(1676): warning:  #167-D: argument of type "volatile char *" is incompatible with parameter of type "char *restrict"
  	sprintf(device_id, "%d", 
EVICE_ID); 			   				//读取设备ID号
user\main.c(1677): warning:  #167-D: argument of type "volatile char *" is incompatible with parameter of type "char *restrict"
  	sprintf(software, "%02d", 
OFTWARE); 			   				//读取设备固件版本号
user\main.c: 2 warnings, 0 errors
compiling NuEdu-Basic01_EEPROM.c...
linking...
Program Size: Code=19640 RO-data=1048 RW-data=580 ZI-data=3932  
".\Objects\20190107.axf" - 0 Error(s), 2 Warning(s).

<h2>Software Packages used:</h2>

Package Vendor: Nuvoton
                http://www.nuvoton.com/hq/enu/Documents/KEILSoftwarePack/Nuvoton.NuMicro_DFP.1.3.3.pack
                Nuvoton.NuMicro_DFP.1.3.3
                Nuvoton ARM Cortex-M NuMicro Family Device Support

<h2>Collection of Component include folders:</h2>
  .\RTE\_20190107
  d:\Keil_v5\ARM\PACK\Nuvoton\NuMicro_DFP\1.3.3\Device\NANO112\Include

<h2>Collection of Component Files used:</h2>
Build Time Elapsed:  00:00:06
</pre>
</body>
</html>
